<?xml version="1.0" encoding="UTF-8"?>
<testsuites name="jest tests" tests="10" failures="0" errors="0" time="0.921">
  <testsuite name="Home" errors="0" failures="0" skipped="0" timestamp="2024-04-11T20:16:29" time="0.372" tests="7">
    <testcase classname="Home renders a heading" name="Home renders a heading" time="0.032">
    </testcase>
    <testcase classname="Test insulin delivery status UI on Android @tests:KT-66 Transition state and keep status" name="Test insulin delivery status UI on Android @tests:KT-66 Transition state and keep status" time="0.009">
    </testcase>
    <testcase classname="Unit test for iOS Client @tests:KT-2 renders the best heading" name="Unit test for iOS Client @tests:KT-2 renders the best heading" time="0.007">
    </testcase>
    <testcase classname="Unit test for record keeping @tests:KT-98 Verify create and archive record feature" name="Unit test for record keeping @tests:KT-98 Verify create and archive record feature" time="0.005">
    </testcase>
    <testcase classname="Unit test feedback forms @tests:KT-30 Verify form submission" name="Unit test feedback forms @tests:KT-30 Verify form submission" time="0.006">
    </testcase>
    <testcase classname="Unit test feedback forms @tests:KT-14 Verify form submission" name="Unit test feedback forms @tests:KT-14 Verify form submission" time="0.005">
    </testcase>
    <testcase classname="Unit test feedback forms @tests:KT-3 Verify form submission" name="Unit test feedback forms @tests:KT-3 Verify form submission" time="0.005">
    </testcase>
  </testsuite>
  <testsuite name="undefined" errors="0" failures="0" skipped="0" timestamp="2024-04-11T20:16:29" time="0.108" tests="1">
    <testcase classname=" App Router: Works with Server Components" name=" App Router: Works with Server Components" time="0.01">
    </testcase>
  </testsuite>
  <testsuite name="undefined" errors="0" failures="0" skipped="0" timestamp="2024-04-11T20:16:29" time="0.106" tests="1">
    <testcase classname=" renders homepage unchanged" name=" renders homepage unchanged" time="0.01">
    </testcase>
  </testsuite>
  <testsuite name="undefined" errors="0" failures="0" skipped="0" timestamp="2024-04-11T20:16:30" time="0.059" tests="1">
    <testcase classname=" Test functions that import server-only" name=" Test functions that import server-only" time="0.001">
    </testcase>
  </testsuite>
</testsuites>